// Jest Snapshot v1, https://goo.gl/fbAQLP

exports[`should match snapshot 1`] = `
<DocumentFragment>
  <div>
    <h1>
      Boxes
    </h1>
    <form>
      <label
        for="color"
      >
         Color: 
      </label>
      <input
        id="color"
        name="color"
        value=""
      />
      <label
        for="height"
      >
         Height: 
      </label>
      <input
        id="height"
        name="height"
        value=""
      />
      <label
        for="width"
      >
         Width: 
      </label>
      <input
        id="width"
        name="width"
        value=""
      />
      <button>
        Add a new Box
      </button>
    </form>
  </div>
</DocumentFragment>
`;
